// Jest Snapshot v1, https://goo.gl/fbAQLP

exports[`Accordion list component renders correctly 1`] = `
<View>
  <View
    style={
      Object {
        "alignItems": "center",
        "flexDirection": "row",
        "justifyContent": "space-between",
        "padding": 10,
        "paddingLeft": 12,
        "paddingRight": 12,
      }
    }
  >
    <Text
      style={
        Array [
          Object {
            "color": "#FFF",
          },
          Object {
            "fontSize": 16,
            "fontWeight": "bold",
          },
        ]
      }
    >
      TestList
    </Text>
    <View
      accessible={true}
      collapsable={false}
      focusable={true}
      onBlur={[Function]}
      onClick={[Function]}
      onFocus={[Function]}
      onResponderGrant={[Function]}
      onResponderMove={[Function]}
      onResponderRelease={[Function]}
      onResponderTerminate={[Function]}
      onResponderTerminationRequest={[Function]}
      onStartShouldSetResponder={[Function]}
      testID="toggleButton"
    >
      <RNSVGSvgView
        align="xMidYMid"
        bbHeight={14}
        bbWidth={14}
        fill="gray"
        focusable={false}
        height={14}
        meetOrSlice={0}
        minX={0}
        minY={0}
        secondaryFill={null}
        secondaryOpacity={0.4}
        size={14}
        style={
          Array [
            Object {
              "backgroundColor": "transparent",
              "borderWidth": 0,
            },
            Object {},
            Object {
              "flex": 0,
              "height": 14,
              "width": 14,
            },
          ]
        }
        vbHeight={512}
        vbWidth={448}
        width={14}
      >
        <RNSVGGroup
          fill={4286611584}
          propList={
            Array [
              "fill",
            ]
          }
        >
          <RNSVGPath
            d="M207.029 381.476L12.686 187.132c-9.373-9.373-9.373-24.569 0-33.941l22.667-22.667c9.357-9.357 24.522-9.375 33.901-.04L224 284.505l154.745-154.021c9.379-9.335 24.544-9.317 33.901.04l22.667 22.667c9.373 9.373 9.373 24.569 0 33.941L240.971 381.476c-9.373 9.372-24.569 9.372-33.942 0z"
            fill={4286611584}
            fillOpacity={1}
            propList={
              Array [
                "fill",
                "fillOpacity",
              ]
            }
          />
        </RNSVGGroup>
      </RNSVGSvgView>
    </View>
  </View>
</View>
`;
