// Jest Snapshot v1, https://goo.gl/fbAQLP

exports[`Round List component renders correctly 1`] = `
<View>
  <View
    style={
      Object {
        "alignItems": "center",
        "flexDirection": "row",
        "justifyContent": "space-between",
      }
    }
  >
    <View
      accessibilityState={
        Object {
          "disabled": true,
        }
      }
      accessible={true}
      collapsable={false}
      focusable={true}
      nativeID="animatedComponent"
      onClick={[Function]}
      onResponderGrant={[Function]}
      onResponderMove={[Function]}
      onResponderRelease={[Function]}
      onResponderTerminate={[Function]}
      onResponderTerminationRequest={[Function]}
      onStartShouldSetResponder={[Function]}
      style={
        Object {
          "alignItems": "center",
          "borderColor": "#C7C8CA",
          "borderRadius": 50,
          "borderStyle": "solid",
          "borderWidth": 1,
          "height": 30,
          "justifyContent": "center",
          "opacity": 0.5,
          "width": 30,
        }
      }
      testID="previousButton"
    >
      <RNSVGSvgView
        align="xMidYMid"
        bbHeight={16}
        bbWidth={16}
        fill="#FFF"
        focusable={false}
        height={16}
        meetOrSlice={0}
        minX={0}
        minY={0}
        secondaryFill={null}
        secondaryOpacity={0.4}
        size={16}
        style={
          Array [
            Object {
              "backgroundColor": "transparent",
              "borderWidth": 0,
            },
            Object {},
            Object {
              "flex": 0,
              "height": 16,
              "width": 16,
            },
          ]
        }
        vbHeight={512}
        vbWidth={320}
        width={16}
      >
        <RNSVGGroup
          fill={4294967295}
          propList={
            Array [
              "fill",
            ]
          }
        >
          <RNSVGPath
            d="M34.52 239.03L228.87 44.69c9.37-9.37 24.57-9.37 33.94 0l22.67 22.67c9.36 9.36 9.37 24.52.04 33.9L131.49 256l154.02 154.75c9.34 9.38 9.32 24.54-.04 33.9l-22.67 22.67c-9.37 9.37-24.57 9.37-33.94 0L34.52 272.97c-9.37-9.37-9.37-24.57 0-33.94z"
            fill={4294967295}
            fillOpacity={1}
            propList={
              Array [
                "fill",
                "fillOpacity",
              ]
            }
          />
        </RNSVGGroup>
      </RNSVGSvgView>
    </View>
    <Text
      style={
        Array [
          Object {
            "color": "#FFF",
          },
          Object {
            "fontSize": 17,
          },
        ]
      }
    >
      Round 1
    </Text>
    <View
      accessibilityState={
        Object {
          "disabled": false,
        }
      }
      accessible={true}
      collapsable={false}
      focusable={true}
      nativeID="animatedComponent"
      onClick={[Function]}
      onResponderGrant={[Function]}
      onResponderMove={[Function]}
      onResponderRelease={[Function]}
      onResponderTerminate={[Function]}
      onResponderTerminationRequest={[Function]}
      onStartShouldSetResponder={[Function]}
      style={
        Object {
          "alignItems": "center",
          "borderColor": "#C7C8CA",
          "borderRadius": 50,
          "borderStyle": "solid",
          "borderWidth": 1,
          "height": 30,
          "justifyContent": "center",
          "opacity": 1,
          "width": 30,
        }
      }
      testID="nextButton"
    >
      <RNSVGSvgView
        align="xMidYMid"
        bbHeight={16}
        bbWidth={16}
        fill="#FFF"
        focusable={false}
        height={16}
        meetOrSlice={0}
        minX={0}
        minY={0}
        secondaryFill={null}
        secondaryOpacity={0.4}
        size={16}
        style={
          Array [
            Object {
              "backgroundColor": "transparent",
              "borderWidth": 0,
            },
            Object {},
            Object {
              "flex": 0,
              "height": 16,
              "width": 16,
            },
          ]
        }
        vbHeight={512}
        vbWidth={320}
        width={16}
      >
        <RNSVGGroup
          fill={4294967295}
          propList={
            Array [
              "fill",
            ]
          }
        >
          <RNSVGPath
            d="M285.476 272.971L91.132 467.314c-9.373 9.373-24.569 9.373-33.941 0l-22.667-22.667c-9.357-9.357-9.375-24.522-.04-33.901L188.505 256 34.484 101.255c-9.335-9.379-9.317-24.544.04-33.901l22.667-22.667c9.373-9.373 24.569-9.373 33.941 0L285.475 239.03c9.373 9.372 9.373 24.568.001 33.941z"
            fill={4294967295}
            fillOpacity={1}
            propList={
              Array [
                "fill",
                "fillOpacity",
              ]
            }
          />
        </RNSVGGroup>
      </RNSVGSvgView>
    </View>
  </View>
  <View
    style={
      Object {
        "flexDirection": "row",
        "flexWrap": "wrap",
        "justifyContent": "space-between",
        "paddingTop": 20,
      }
    }
  />
</View>
`;
